** Drc report for onboarding-2627-V2.kicad_pcb **
** Created on 2026-09-12T03:59:56 **
** Report includes: Errors **

** Found 13 DRC violations **
[clearance]: Clearance violation (board minimum clearance 0.5000 mm; actual 0.1894 mm)
    Local override; error
    @(98.0000 mm, 46.5000 mm): Track [Net-(IC1-VIN+)] on F.Cu, length 1.7395 mm
    @(95.0150 mm, 48.2100 mm): Track [+3V3] on F.Cu, length 2.6304 mm
[shorting_items]: Items shorting two nets (nets Net-(U1-VIOUT) and Net-(IC1-VIN-))
    Local override; error
    @(110.8350 mm, 41.6250 mm): Pad 7 [Net-(U1-VIOUT)] of U1 on F.Cu
    @(110.8350 mm, 41.6250 mm): Track [Net-(IC1-VIN-)] on F.Cu, length 2.0400 mm
[tracks_crossing]: Tracks crossing
    Local override; error
    @(95.0150 mm, 40.5900 mm): Track [+3V3] on F.Cu, length 4.5750 mm
    @(100.2300 mm, 42.7300 mm): Track [Net-(IC1-VIN-)] on F.Cu, length 5.4200 mm
[tracks_crossing]: Tracks crossing
    Local override; error
    @(98.0000 mm, 46.5000 mm): Track [Net-(IC1-VIN+)] on F.Cu, length 1.7395 mm
    @(98.2500 mm, 45.0000 mm): Track [+3V3] on F.Cu, length 1.9092 mm
[clearance]: Clearance violation (board minimum clearance 0.5000 mm; actual 0.1718 mm)
    Local override; error
    @(98.0000 mm, 46.5000 mm): Track [Net-(IC1-VIN+)] on F.Cu, length 1.7395 mm
    @(96.9000 mm, 46.3500 mm): Track [+3V3] on F.Cu, length 0.0250 mm
[tracks_crossing]: Tracks crossing
    Local override; error
    @(98.0000 mm, 46.5000 mm): Track [Net-(IC1-VIN+)] on F.Cu, length 1.7395 mm
    @(96.8750 mm, 46.3500 mm): Track [+3V3] on F.Cu, length 15.3250 mm
[shorting_items]: Items shorting two nets (nets Net-(IC1-VIN-) and Net-(U1-VIOUT))
    Local override; error
    @(110.0000 mm, 44.5000 mm): Track [Net-(IC1-VIN-)] on F.Cu, length 8.0000 mm
    @(103.8500 mm, 44.2500 mm): Track [Net-(U1-VIOUT)] on F.Cu, length 5.4447 mm
[shorting_items]: Items shorting two nets (nets Net-(IC1-VIN-) and Net-(U1-VIOUT))
    Local override; error
    @(110.0000 mm, 44.5000 mm): Track [Net-(IC1-VIN-)] on F.Cu, length 8.0000 mm
    @(110.5500 mm, 44.2500 mm): Track [Net-(U1-VIOUT)] on F.Cu, length 6.7000 mm
[clearance]: Clearance violation (board minimum clearance 0.5000 mm; actual 0.4917 mm)
    Local override; error
    @(110.0000 mm, 44.5000 mm): Track [Net-(IC1-VIN-)] on F.Cu, length 8.0000 mm
    @(110.8350 mm, 41.6250 mm): Track [Net-(U1-VIOUT)] on F.Cu, length 2.3400 mm
[shorting_items]: Items shorting two nets (nets Net-(IC1-VIN-) and GND)
    Local override; error
    @(100.2300 mm, 42.7300 mm): Track [Net-(IC1-VIN-)] on F.Cu, length 5.4200 mm
    @(95.0150 mm, 43.1300 mm): PTH pad 6 [GND] of U3
[copper_edge_clearance]: Board edge clearance violation (board setup constraints edge clearance 0.4000 mm; actual 0.0000 mm)
    Rule: board setup constraints edge; error
    @(64.8000 mm, 22.5000 mm): Rectangle on Edge.Cuts
    @(100.0500 mm, 67.2000 mm): Track [+3V3] on B.Cu, length 16.7000 mm
[solder_mask_bridge]: Front solder mask aperture bridges items with different nets
    Rule: board setup solder mask min width; error
    @(100.2300 mm, 42.7300 mm): Track [Net-(IC1-VIN-)] on F.Cu, length 5.4200 mm
    @(95.0150 mm, 43.1300 mm): PTH pad 6 [GND] of U3
[solder_mask_bridge]: Front solder mask aperture bridges items with different nets
    Rule: board setup solder mask min width; error
    @(110.8350 mm, 41.6250 mm): Track [Net-(IC1-VIN-)] on F.Cu, length 2.0400 mm
    @(110.8350 mm, 41.6250 mm): Pad 7 [Net-(U1-VIOUT)] of U1 on F.Cu

** Found 4 unconnected pads **
[unconnected_items]: Missing connection between items
    Local override; error
    @(95.0150 mm, 43.1300 mm): PTH pad 6 [GND] of U3
    @(119.2000 mm, 16.8000 mm): Zone [GND] on F.Cu, priority 0
[unconnected_items]: Missing connection between items
    Local override; error
    @(95.0150 mm, 40.5900 mm): Track [+3V3] on F.Cu, length 4.5750 mm
    @(82.5000 mm, 32.0000 mm): Track [+3V3] on F.Cu, length 3.0000 mm
[unconnected_items]: Missing connection between items
    Local override; error
    @(95.7500 mm, 71.5000 mm): Track [+3V3] on F.Cu, length 6.0811 mm
    @(100.0500 mm, 67.2000 mm): Track [+3V3] on B.Cu, length 16.7000 mm
[unconnected_items]: Missing connection between items
    Local override; error
    @(87.3950 mm, 43.1300 mm): Track [Net-(U3A-+)] on F.Cu, length 4.0376 mm
    @(90.2500 mm, 64.0000 mm): Track [Net-(U3A-+)] on F.Cu, length 3.2527 mm

** Found 0 Footprint errors **

** Ignored checks **
    - Footprint has no courtyard defined
    - Track endpoint not centered on via
    - Tuning profile track geometries
    - Footprint doesn't match symbol's footprint filters
    - PTH inside courtyard
    - NPTH inside courtyard
    - Footprint component type doesn't match footprint pads

** End of Report **
