ERC report (2026-09-12T18:05:26, Encoding UTF8)
Report includes: Errors, Warnings

***** Sheet /
[pin_to_pin]: Pins of type Output and Power output are connected
    ; error
    @(167.64 mm, 153.67 mm): Symbol U2 Pin 6 [OUT, Output, Line]
    @(80.01 mm, 69.85 mm): Symbol #FLG01 Pin 1 [Power output, Line]
[unconnected_wire_endpoint]: Unconnected wire endpoint
    ; warning
    @(83.82 mm, 72.39 mm): Horizontal Wire, length 1.27 mm
[footprint_link_issues]: The current configuration does not include the footprint library 'Library'
    ; warning
    @(88.90 mm, 69.85 mm): Symbol J1 [Conn_01x02_Socket]
[footprint_link_issues]: The current configuration does not include the footprint library 'Library'
    ; warning
    @(109.22 mm, 95.25 mm): Symbol J2 [Conn_01x02_Socket]
[lib_symbol_issues]: The current configuration does not include the symbol library 'Onboarding_Lib'
    ; warning
    @(111.76 mm, 148.59 mm): Symbol U2 [mcp6546-e_p]
[unconnected_wire_endpoint]: Unconnected wire endpoint
    ; warning
    @(90.17 mm, 144.78 mm): Horizontal Wire, length 22.86 mm
[unconnected_wire_endpoint]: Unconnected wire endpoint
    ; warning
    @(129.54 mm, 88.90 mm): Horizontal Wire, length 1.27 mm
[unconnected_wire_endpoint]: Unconnected wire endpoint
    ; warning
    @(139.70 mm, 81.28 mm): Horizontal Wire, length 1.27 mm

 ** ERC messages: 8  Errors 1  Warnings 7

 ** Ignored checks:
    - Global label only appears once in the schematic
    - Four connection points are joined together
    - SPICE model issue
    - Assigned footprint doesn't match footprint filters
