ERC report (2026-09-12T22:06:24, Encoding UTF8)
Report includes: Errors, Warnings

***** Sheet /
[footprint_link_issues]: The current configuration does not include the footprint library 'Intro to KiCad Lib'
    ; warning
    @(104.14 mm, 22.86 mm): Symbol J1 [Conn_01x02_Socket]
[unconnected_wire_endpoint]: Unconnected wire endpoint
    ; warning
    @(120.65 mm, 46.99 mm): Vertical Wire, length 1.27 mm
[unconnected_wire_endpoint]: Unconnected wire endpoint
    ; warning
    @(120.65 mm, 66.04 mm): Vertical Wire, length 1.27 mm
[lib_symbol_issues]: The current configuration does not include the symbol library 'Intro_KiCad_Lib'
    ; warning
    @(149.86 mm, 63.50 mm): Symbol U2 [mcp6546-e_p]
[footprint_link_issues]: The current configuration does not include the footprint library 'Intro to KiCad Lib'
    ; warning
    @(172.72 mm, 36.83 mm): Symbol J3 [Conn_01x02_Socket]

 ** ERC messages: 5  Errors 0  Warnings 5

 ** Ignored checks:
    - Global label only appears once in the schematic
    - Four connection points are joined together
    - SPICE model issue
    - Assigned footprint doesn't match footprint filters
